 Strings     Ints        Floats     
 abcdEfgh    42          0.72       
 plmnPOiu    4543534     -23456.3   
 qwerTYui    18          4.35       
 zxcvBNmj    -4          34.3       