 Strings     Ints        Floats     
 zxcvBNmj    -4          34.3       
 qwerTYui    18          4.35       
 plmnPOiu    4543534     -23456.3   
 abcdEfgh    42          0.72       