 #   Name                       Country of Origâ€¦  Dunk-able    
 1   Chocolate Digestives       UK                Yes          
 2   Tim Tams                   Australia         No           
 3   Hobnobs                    UK                Yes          
                                                               